
======================================================================
 INTEGRÁLT HÍRADATBÁZIS ÉS CIKKGYŰJTŐ FOLYAMAT -- 2026-09-13 21:42:14
======================================================================

[1/3] Címlapok mentése kihagyva (--skip-scrape aktív).
      Feldolgozásra kijelölt legfrissebb mentett fájlok: 110 db

[2/3] CÍMLAPI LINKEK ÉS METAADATOK KINYERÉSE, HOZZÁÍRÁS A CSV-HEZ...
  [✓] 1_Origo_2026-09-13_21-16-06.html         -> origo        : 127 cikk kinyerve
  [✓] 1_Origo_rovat_belpolitika_2026-09-13_21-16-06.html -> origo        :   0 cikk kinyerve
  [✓] 1_Origo_rovat_forma_1_gphirek_2026-09-13_21-16-06.html -> origo        :   6 cikk kinyerve
  [✓] 1_Origo_rovat_gasztro_2026-09-13_21-16-06.html -> origo        :   7 cikk kinyerve
  [✓] 1_Origo_rovat_gazdasag_2026-09-13_21-16-06.html -> origo        :   7 cikk kinyerve
  [✓] 1_Origo_rovat_kulpolitika_2026-09-13_21-16-06.html -> origo        :   7 cikk kinyerve
  [✓] 1_Origo_rovat_nagyvilag_2026-09-13_21-16-06.html -> origo        :   7 cikk kinyerve
  [✓] 1_Origo_rovat_podcast_2026-09-13_21-16-06.html -> origo        :   7 cikk kinyerve
  [✓] 1_Origo_rovat_sport_2026-09-13_21-16-06.html -> origo        :   0 cikk kinyerve
  [✓] 1_Origo_rovat_techbazis_2026-09-13_21-16-06.html -> origo        :   0 cikk kinyerve
  [✓] 1_Origo_rovat_teve_2026-09-13_21-16-06.html -> origo        :   0 cikk kinyerve
  [✓] 1_Origo_rovat_tudomany_2026-09-13_21-16-06.html -> origo        :   7 cikk kinyerve
  [✓] 1_Origo_rovat_utazas_2026-09-13_21-16-06.html -> origo        :   7 cikk kinyerve
  [✓] 1_Origo_rovat_velemeny_2026-09-13_21-16-06.html -> origo        :   7 cikk kinyerve
  [✓] 1_Origo_rovat_video_2026-09-13_21-16-06.html -> origo        :   7 cikk kinyerve
  [✓] 2_Nepszava_2026-09-13_21-16-06.html      -> nepszava     :  93 cikk kinyerve
  [✓] 2_Nepszava_rovat_belfold_2026-09-13_21-16-06.html -> nepszava     :  90 cikk kinyerve
  [✓] 2_Nepszava_rovat_bunugy_baleset_2026-09-13_21-16-06.html -> nepszava     :  90 cikk kinyerve
  [✓] 2_Nepszava_rovat_fotogaleria_2026-09-13_21-16-06.html -> nepszava     :  90 cikk kinyerve
  [✓] 2_Nepszava_rovat_gazdasag_2026-09-13_21-16-06.html -> nepszava     :  90 cikk kinyerve
  [✓] 2_Nepszava_rovat_kulfold_2026-09-13_21-16-06.html -> nepszava     :  90 cikk kinyerve
  [✓] 2_Nepszava_rovat_kultura_2026-09-13_21-16-06.html -> nepszava     :  30 cikk kinyerve
  [✓] 2_Nepszava_rovat_mozaik_2026-09-13_21-16-06.html -> nepszava     :  90 cikk kinyerve
  [✓] 2_Nepszava_rovat_napi_visszhang_2026-09-13_21-16-06.html -> nepszava     :  90 cikk kinyerve
  [✓] 2_Nepszava_rovat_nepszava_video_2026-09-13_21-16-06.html -> nepszava     :  90 cikk kinyerve
  [✓] 2_Nepszava_rovat_nyitott_mondat_2026-09-13_21-16-06.html -> nepszava     :  90 cikk kinyerve
  [✓] 2_Nepszava_rovat_reflektor_2026-09-13_21-16-06.html -> nepszava     :  90 cikk kinyerve
  [✓] 2_Nepszava_rovat_sport_2026-09-13_21-16-06.html -> nepszava     :  90 cikk kinyerve
  [✓] 2_Nepszava_rovat_szep_szo_2026-09-13_21-16-06.html -> nepszava     :  90 cikk kinyerve
  [✓] 2_Nepszava_rovat_velemeny_2026-09-13_21-16-06.html -> nepszava     :  90 cikk kinyerve
  [✓] 2_Nepszava_rovat_visszhang_2026-09-13_21-16-06.html -> nepszava     :  90 cikk kinyerve
  [✓] 3_Huszonnegy_2026-09-13_21-16-06.html    -> huszonnegy   : 140 cikk kinyerve
  [✓] 3_Huszonnegy_rovat_24_extra_2026-09-13_21-16-06.html -> huszonnegy   :  23 cikk kinyerve
  [✓] 3_Huszonnegy_rovat_belfold_2026-09-13_21-16-06.html -> huszonnegy   :  24 cikk kinyerve
  [✓] 3_Huszonnegy_rovat_elet_stilus_2026-09-13_21-16-06.html -> huszonnegy   :  25 cikk kinyerve
  [✓] 3_Huszonnegy_rovat_foci_2026-09-13_21-16-06.html -> huszonnegy   :  31 cikk kinyerve
  [✓] 3_Huszonnegy_rovat_gazdasag_2026-09-13_21-16-06.html -> huszonnegy   :  25 cikk kinyerve
  [✓] 3_Huszonnegy_rovat_kozelet_2026-09-13_21-16-06.html -> huszonnegy   :  26 cikk kinyerve
  [✓] 3_Huszonnegy_rovat_kultura_2026-09-13_21-16-06.html -> huszonnegy   :  26 cikk kinyerve
  [✓] 3_Huszonnegy_rovat_nagyvilag_2026-09-13_21-16-06.html -> huszonnegy   :  24 cikk kinyerve
  [✓] 3_Huszonnegy_rovat_otthon_2026-09-13_21-16-06.html -> huszonnegy   :  24 cikk kinyerve
  [✓] 3_Huszonnegy_rovat_sport_2026-09-13_21-16-06.html -> huszonnegy   :  28 cikk kinyerve
  [✓] 3_Huszonnegy_rovat_szorakozas_2026-09-13_21-16-06.html -> huszonnegy   :  25 cikk kinyerve
  [✓] 3_Huszonnegy_rovat_tech_2026-09-13_21-16-06.html -> huszonnegy   :  25 cikk kinyerve
  [✓] 3_Huszonnegy_rovat_tudomany_2026-09-13_21-16-06.html -> huszonnegy   :  26 cikk kinyerve
  [✓] 3_Huszonnegy_rovat_video_2026-09-13_21-16-06.html -> huszonnegy   :   0 cikk kinyerve
  [✓] 3_Huszonnegy_rovat_zoldovezet_2026-09-13_21-16-06.html -> huszonnegy   :  25 cikk kinyerve
  [✓] 4_Blikk_2026-09-13_21-16-06.html         -> blikk        : 109 cikk kinyerve
  [✓] 4_Blikk_rovat_aktualis_2026-09-13_21-16-06.html -> blikk        :  52 cikk kinyerve
  [✓] 4_Blikk_rovat_auto_2026-09-13_21-16-06.html -> blikk        :  55 cikk kinyerve
  [✓] 4_Blikk_rovat_belfold_2026-09-13_21-16-06.html -> blikk        :  53 cikk kinyerve
  [✓] 4_Blikk_rovat_divat_2026-09-13_21-16-06.html -> blikk        :  56 cikk kinyerve
  [✓] 4_Blikk_rovat_egeszseg_2026-09-13_21-16-06.html -> blikk        :  56 cikk kinyerve
  [✓] 4_Blikk_rovat_eletmod_2026-09-13_21-16-06.html -> blikk        :  55 cikk kinyerve
  [✓] 4_Blikk_rovat_filmklikk_2026-09-13_21-16-06.html -> blikk        :  56 cikk kinyerve
  [✓] 4_Blikk_rovat_friss_hirek_2026-09-13_21-16-06.html -> blikk        : 192 cikk kinyerve
  [✓] 4_Blikk_rovat_gazdasag_2026-09-13_21-16-06.html -> blikk        :  55 cikk kinyerve
  [✓] 4_Blikk_rovat_hazai_sztarok_2026-09-13_21-16-06.html -> blikk        :  52 cikk kinyerve
  [✓] 4_Blikk_rovat_krimi_2026-09-13_21-16-06.html -> blikk        :  55 cikk kinyerve
  [✓] 4_Blikk_rovat_kulfold_2026-09-13_21-16-06.html -> blikk        :  55 cikk kinyerve
  [✓] 4_Blikk_rovat_lelek_2026-09-13_21-16-06.html -> blikk        :  56 cikk kinyerve
  [✓] 4_Blikk_rovat_magyar_politika_2026-09-13_21-16-06.html -> blikk        :  51 cikk kinyerve
  [✓] 4_Blikk_rovat_nemzetkozi_sztarok_2026-09-13_21-16-06.html -> blikk        :  56 cikk kinyerve
  [✓] 4_Blikk_rovat_nyugdij_2026-09-13_21-16-06.html -> blikk        :  56 cikk kinyerve
  [✓] 4_Blikk_rovat_penzugyek_2026-09-13_21-16-06.html -> blikk        :  55 cikk kinyerve
  [✓] 4_Blikk_rovat_politika_2026-09-13_21-16-06.html -> blikk        :  51 cikk kinyerve
  [✓] 4_Blikk_rovat_rezsi_2026-09-13_21-16-06.html -> blikk        :  56 cikk kinyerve
  [✓] 4_Blikk_rovat_sport_2026-09-13_21-16-06.html -> blikk        :  49 cikk kinyerve
  [✓] 4_Blikk_rovat_sztarvilag_2026-09-13_21-16-06.html -> blikk        :  52 cikk kinyerve
  [✓] 4_Blikk_rovat_tech_2026-09-13_21-16-06.html -> blikk        :  56 cikk kinyerve
  [✓] 4_Blikk_rovat_tippek_2026-09-13_21-16-06.html -> blikk        :  56 cikk kinyerve
  [✓] 4_Blikk_rovat_utazas_2026-09-13_21-16-06.html -> blikk        :  55 cikk kinyerve
  [✓] 4_Blikk_rovat_vasarlas_2026-09-13_21-16-06.html -> blikk        :  56 cikk kinyerve
  [✓] 4_Blikk_rovat_velemeny_2026-09-13_21-16-06.html -> blikk        :  56 cikk kinyerve
  [✓] 4_Blikk_rovat_veszhelyzet_2026-09-13_21-16-06.html -> blikk        :  55 cikk kinyerve
  [✓] 4_Blikk_rovat_video_2026-09-13_21-16-06.html -> blikk        :   0 cikk kinyerve
  [✓] 4_Blikk_rovat_vilag_titkai_2026-09-13_21-16-06.html -> blikk        :  56 cikk kinyerve
  [✓] 4_Blikk_rovat_vilagpolitika_2026-09-13_21-16-06.html -> blikk        :  56 cikk kinyerve
  [✓] 4_Blikk_rovat_zene_2026-09-13_21-16-06.html -> blikk        :  55 cikk kinyerve
  [✓] 5_Portfolio_2026-09-13_21-16-06.html     -> portfolio    : 138 cikk kinyerve
  [✓] 5_Portfolio_rovat_bank_2026-09-13_21-16-06.html -> portfolio    :  45 cikk kinyerve
  [✓] 5_Portfolio_rovat_befektetes_2026-09-13_21-16-06.html -> portfolio    :  45 cikk kinyerve
  [✓] 5_Portfolio_rovat_deviza_2026-09-13_21-16-06.html -> portfolio    :  45 cikk kinyerve
  [✓] 5_Portfolio_rovat_elemzes_2026-09-13_21-16-06.html -> portfolio    :  57 cikk kinyerve
  [✓] 5_Portfolio_rovat_friss_hirek_2026-09-13_21-16-06.html -> portfolio    :   3 cikk kinyerve
  [✓] 5_Portfolio_rovat_galeria_2026-09-13_21-16-06.html -> portfolio    :  18 cikk kinyerve
  [✓] 5_Portfolio_rovat_gazdasag_2026-09-13_21-16-06.html -> portfolio    :  34 cikk kinyerve
  [✓] 5_Portfolio_rovat_global_2026-09-13_21-16-06.html -> portfolio    :  45 cikk kinyerve
  [✓] 5_Portfolio_rovat_ingatlan_2026-09-13_21-16-06.html -> portfolio    :  49 cikk kinyerve
  [✓] 5_Portfolio_rovat_interju_2026-09-13_21-16-06.html -> portfolio    :  44 cikk kinyerve
  [✓] 5_Portfolio_rovat_krtk_blog_2026-09-13_21-16-06.html -> portfolio    :  45 cikk kinyerve
  [✓] 5_Portfolio_rovat_mkt_blog_2026-09-13_21-16-06.html -> portfolio    :  35 cikk kinyerve
  [✓] 5_Portfolio_rovat_on_the_other_hand_2026-09-13_21-16-06.html -> portfolio    :  44 cikk kinyerve
  [✓] 5_Portfolio_rovat_podcast_2026-09-13_21-16-06.html -> portfolio    :  32 cikk kinyerve
  [✓] 5_Portfolio_rovat_portfolio_english_edition_2026-09-13_21-16-06.html -> portfolio    :   1 cikk kinyerve
  [✓] 5_Portfolio_rovat_premium_cikkek_2026-09-13_21-16-06.html -> portfolio    :  45 cikk kinyerve
  [✓] 5_Portfolio_rovat_signature_2026-09-13_21-16-06.html -> portfolio    :  49 cikk kinyerve
  [✓] 5_Portfolio_rovat_unios_forrasok_2026-09-13_21-16-06.html -> portfolio    :  58 cikk kinyerve
  [✓] 5_Portfolio_rovat_uzlet_2026-09-13_21-16-06.html -> portfolio    :  45 cikk kinyerve
  [✓] 5_Portfolio_rovat_video_2026-09-13_21-16-06.html -> portfolio    :  37 cikk kinyerve
  [✓] 6_Vadhajtasok_2026-09-13_21-16-06.html   -> vadhajtasok  :   0 cikk kinyerve
  [✓] 6_Vadhajtasok_rovat_0_24_2026-09-13_21-16-06.html -> huszonnegy   :  24 cikk kinyerve
  [✓] 6_Vadhajtasok_rovat_belfold_2026-09-13_21-16-06.html -> vadhajtasok  :  24 cikk kinyerve
  [✓] 6_Vadhajtasok_rovat_ebredj_europa_2026-09-13_21-16-06.html -> vadhajtasok  :   0 cikk kinyerve
  [✓] 6_Vadhajtasok_rovat_fontos_2026-09-13_21-16-06.html -> vadhajtasok  :  24 cikk kinyerve
  [✓] 6_Vadhajtasok_rovat_kulfold_2026-09-13_21-16-06.html -> vadhajtasok  :  24 cikk kinyerve
  [✓] 6_Vadhajtasok_rovat_sport_2026-09-13_21-16-06.html -> vadhajtasok  :   0 cikk kinyerve
  [✓] 6_Vadhajtasok_rovat_tortenelem_2026-09-13_21-16-06.html -> vadhajtasok  :  24 cikk kinyerve
  [✓] 6_Vadhajtasok_rovat_velemenyek_2026-09-13_21-16-06.html -> vadhajtasok  :   0 cikk kinyerve
  [✓] 6_Vadhajtasok_rovat_videok_2026-09-13_21-16-06.html -> vadhajtasok  :  24 cikk kinyerve
[✓] CSV sikeresen frissítve (hozzáfűzve: 5018 sor) -> /Users/lowandras/Py_docs/hir_sites/scraped_links_summary.csv
[✓] 2. lépés kész: Címlapi elemek feldolgozva és hozzáírva: scraped_links_summary.csv

[+] Új linkek szinkronizálása az adatbázisba (articles.db)...
[+] CSV betöltése és szinkronizálás az adatbázissal: scraped_links_summary.csv -> articles.db...
[✓] Szinkronizálás befejezve:
    - Új cikkek (articles):           + 217 (Összesen: 6753)
    - Új pillanatképek (snapshots):  +5018 (Összesen: 59860)

[3/3] ÚJONNAN FELTŰNT CIKKEK LETÖLTÉSE ÉS 3-UTAS FELDOLGOZÁSA...

[+] Cikkek letöltésének indítása: 217 cikk feldolgozása...
    - Stratégia: szerverek közötti kevert sorrend (round-robin interleave)
    - Célkönyvtár: /Users/lowandras/Py_docs/hir_sites/scraped_articles
[  1/217] Letöltés (ID 6570 | Origo       ): https://www.origo.hu/techbazis/2026/09/erdemes-rendszeresen-ujrai...
      [✓] Mentve: 3x MD + Meta/NLP JSON (Cím: Érdemes rendszeresen újraindítani a számítógé)
[  2/217] Letöltés (ID 6613 | Nepszava    ): https://nepszava.hu/3332769_okovacs-szilveszter-kozmedia-operahaz...
      [✓] Mentve: 3x MD + Meta/NLP JSON (Cím: Ókovács Szilveszter nem ad többé személyes ny)
[  3/217] Letöltés (ID 6727 | Portfolio   ): https://www.portfolio.hu/gazdasag/20260913/mutatjuk-a-jovo-het-id...
      [✓] Mentve: 3x MD + Meta/NLP JSON (Cím: Mutatjuk a jövő hét időjárását)
[  4/217] Letöltés (ID 6667 | Blikk       ): https://www.blikk.hu/sztarvilag/hazai-sztarok/botranyok-hazassag-...
      [✓] Mentve: 3x MD + Meta/NLP JSON (Cím: A Házasság első látásra balhéi, amiktől már m)
[  5/217] Letöltés (ID 6631 | 24.hu       ): https://24.hu/sport/foci/2026/09/13/skot-ligakupa-rangers-celtic...
      [✓] Mentve: 3x MD + Meta/NLP JSON (Cím: Nagy pofont kapott ősi riválisától a Fradi cs)
[  6/217] Letöltés (ID 6734 | Portfolio   ): https://www.penzcentrum.hu/vilag/20260913/pokolla-valt-a-horvator...
      [✓] Mentve: 3x MD + Meta/NLP JSON (Cím: Pokollá vált a horvátországi nyaralás: magyar)
[  7/217] Letöltés (ID 6603 | Nepszava    ): https://nepszava.hu/3332778_brics-csucs-nyilatkozat-kozel-kelet-m...
      [✓] Mentve: 3x MD + Meta/NLP JSON (Cím: „Maximális visszafogottságot” sürgettek a BRI)
[  8/217] Letöltés (ID 6563 | Origo       ): https://www.origo.hu/tudomany/2026/09/parkinson-kor-dohanyzas-sze...
      [✓] Mentve: 3x MD + Meta/NLP JSON (Cím: kór: meglepő módon a dohányzás védhet a kór e)
[  9/217] Letöltés (ID 6623 | 24.hu       ): https://24.hu/belfold/2026/09/13/meghalt-kardos-sandor-az-eldorad...
      [✓] Mentve: 3x MD + Meta/NLP JSON (Cím: Meghalt Kardos Sándor, az Eldorádó és a Hídem)
[ 10/217] Letöltés (ID 6690 | Blikk       ): https://www.egeszsegkalauz.hu/tunet/orvos-valaszol/fogyas-mire-ke...
      [✓] Mentve: 3x MD + Meta/NLP JSON (Cím: A karcsúság új ára: mire képes a GLP-1, és mi)
[ 11/217] Letöltés (ID 6584 | Origo       ): https://www.origo.hu/teve/2026/09/peter-szabo-szilvia-fellepes-sz...
      [✓] Mentve: 3x MD + Meta/NLP JSON (Cím: Péter Szabó Szilvia azt hitte, viccelnek vele)
[ 12/217] Letöltés (ID 6605 | Nepszava    ): https://nepszava.hu/3332779_formula-1-antonelli...
      [✓] Mentve: 3x MD + Meta/NLP JSON (Cím: Antonelli verhetetlen, tovább növelte előnyét)
[ 13/217] Letöltés (ID 6709 | Portfolio   ): https://www.portfolio.hu/gazdasag/20260913/nincs-megallas-gyorsan...
      [✓] Mentve: 3x MD + Meta/NLP JSON (Cím: Nincs megállás: gyorsan terjed a mérgező hal )
[ 14/217] Letöltés (ID 6640 | 24.hu       ): https://sokszinuvidek.24.hu/viragzo-videkunk/2026/09/13/hinar-bek...
      [✓] Mentve: 3x MD + Meta/NLP JSON (Cím: Fojtogatja a hínár a békési csatornát, folyam)
[ 15/217] Letöltés (ID 6686 | Blikk       ): https://www.kiskegyed.hu/horoszkop/heti-szerelmi-horoszkop/k49s6t...
      [✓] Mentve: 3x MD + Meta/NLP JSON (Cím: Heti szerelmi horoszkóp: a Rák gyanúsítgatása)
[ 16/217] Letöltés (ID 6641 | 24.hu       ): https://sokszinuvidek.24.hu/viragzo-videkunk/2026/09/13/birosag-z...
      [✓] Mentve: 3x MD + Meta/NLP JSON (Cím: Idegesített egy nőt a tehenek kolompolása: bí)
[ 17/217] Letöltés (ID 6609 | Nepszava    ): https://nepszava.hu/3332520_usa-kanada-washington-amerikai-egyesu...
      [✓] Mentve: 3x MD + Meta/NLP JSON (Cím: Banai Károly: A függőség határai)
[ 18/217] Letöltés (ID 6590 | Origo       ): https://www.origo.hu/sport/sport-futball/2026/09/gagyi-sandor-fut...
      [✓] Mentve: 3x MD + Meta/NLP JSON (Cím: Eszméletét vesztette és súlyosan megsérült Ga)
[ 19/217] Letöltés (ID 6702 | Blikk       ): https://www.blikk.hu/sztarvilag/hazai-sztarok/varga-zita-megaszta...
      [✓] Mentve: 3x MD + Meta/NLP JSON (Cím: Ismerős arc tűnt fel a Megasztár színpadán – )
[ 20/217] Letöltés (ID 6724 | Portfolio   ): https://www.portfolio.hu/gazdasag/20260913/trump-meguzente-zelens...
      [✓] Mentve: 3x MD + Meta/NLP JSON (Cím: Trump megüzente Zelenszkijnek, hogy ne bántsa)
[ 21/217] Letöltés (ID 6665 | Blikk       ): https://www.blikk.hu/gazdasag/penz/revolut-ugyfel-adatszivargas-t...
      [✓] Mentve: 3x MD + Meta/NLP JSON (Cím: Elismerte a Revolut: ügyféladatok szivárogtak)
[ 22/217] Letöltés (ID 6594 | Origo       ): https://www.origo.hu/belpol/2026/09/utonev-rendszer-anyakonyvehet...
      [✓] Mentve: 3x MD + Meta/NLP JSON (Cím: rendszer: Tíz új név kerülhet a választható u)
[ 23/217] Letöltés (ID 6600 | Nepszava    ): https://nepszava.hu/3332782_svedorszag-valasztas-baloldlai-gyozel...
      [✓] Mentve: 3x MD + Meta/NLP JSON (Cím: A baloldali blokk nyerte a svéd parlamenti vá)
[ 24/217] Letöltés (ID 6632 | 24.hu       ): https://24.hu/sport/2026/09/13/atletikai-vd-2026-atletika-vilagdo...
      [✓] Mentve: 3x MD + Meta/NLP JSON (Cím: Óriási sikert arattak a magyar sport bajnokai)
[ 25/217] Letöltés (ID 6706 | Portfolio   ): https://www.portfolio.hu/gazdasag/20260913/tisza-kormany-magyar-p...
      [✓] Mentve: 3x MD + Meta/NLP JSON (Cím: Tisza-kormány: Magyar Péter a közrádióban, a )
[ 26/217] Letöltés (ID 6739 | Portfolio   ): https://www.agrarszektor.hu/elelmiszer/20260913/oriasi-atrendezod...
      [✓] Mentve: 3x MD + Meta/NLP JSON (Cím: Óriási átrendeződés jöhet a marhahús piacán: )
[ 27/217] Letöltés (ID 6673 | Blikk       ): https://www.blikk.hu/gazdasag/penz/hatoslotto-sorsolas-37-jatekhe...
      [✓] Mentve: 3x MD + Meta/NLP JSON (Cím: Ezt a hat számot kellett eltalálni a Hatoslot)
[ 28/217] Letöltés (ID 6634 | 24.hu       ): https://24.hu/sport/foci/2026/09/13/nemet-foci-bundesliga-elversb...
      [✓] Mentve: 3x MD + Meta/NLP JSON (Cím: Kevesen rúgnak akkora gólt a Bayernnek, mint )
[ 29/217] Letöltés (ID 6539 | Origo       ): https://www.origo.hu/kulpol/2026/09/svedorszag-valasztasok-torten...
      [✓] Mentve: 3x MD + Meta/NLP JSON (Cím: Svédország választ: történelmi áttörésre kész)
[ 30/217] Letöltés (ID 6604 | Nepszava    ): https://nepszava.hu/3332780_sikloernyo-lezuhanas-baleset...
      [✓] Mentve: 3x MD + Meta/NLP JSON (Cím: Lezuhant egy siklóernyős a Hármashatár-hegyné)
[ 31/217] Letöltés (ID 6589 | Origo       ): https://www.origo.hu/nagyvilag/2026/09/tudorakban-elhunyt-apuka...
      [✓] Mentve: 3x MD + Meta/NLP JSON (Cím: Tüdőrákot találtak a makkegészségesnek hitt a)
[ 32/217] Letöltés (ID 6662 | Blikk       ): https://www.blikk.hu/sport/magyar-foci/puskas-akademia-labdarugas...
      [✓] Mentve: 3x MD + Meta/NLP JSON (Cím: Megdobálták a partjelzőt, félbeszakadt a Pusk)
[ 33/217] Letöltés (ID 6612 | Nepszava    ): https://nepszava.hu/3332771_autopsort-tao-penz-szazadveg...
      [✓] Mentve: 3x MD + Meta/NLP JSON (Cím: Szeretett volna az autósport is tao-pénzeket )
[ 34/217] Letöltés (ID 6717 | Portfolio   ): https://www.portfolio.hu/gazdasag/20260913/szigorit-a-tesco-a-saj...
      [✓] Mentve: 3x MD + Meta/NLP JSON (Cím: Szigorít a Tesco a sajátmárkás termékeknél)
[ 35/217] Letöltés (ID 6752 | 24.hu       ): https://www.vadhajtasok.hu/2026/09/13/domotor-csaba-a-magyarok-ne...
      [✓] Mentve: 3x MD + Meta/NLP JSON (Cím: Dömötör Csaba: A magyarok nem azt mondták, ho)
[ 36/217] Letöltés (ID 6608 | Nepszava    ): https://nepszava.hu/3332776_budapesti-fesztivalzenekar-hosok-tere...
      [✓] Mentve: 3x MD + Meta/NLP JSON (Cím: Amikor a csend beszél - A Budapesti Fesztivál)
[ 37/217] Letöltés (ID 6540 | Origo       ): https://www.origo.hu/belpol/2026/09/kina-budapest-nagykovet-szijj...
      [✓] Mentve: 3x MD + Meta/NLP JSON (Cím: Kína budapesti nagykövete megszólalt Szijjárt)
[ 38/217] Letöltés (ID 6646 | 24.hu       ): https://marieclaire.hu/kultura/2026/09/13/netflix-ujdonsagok-2026...
      [✓] Mentve: 3x MD + Meta/NLP JSON (Cím: Netflix újdonságok 2026. szeptember: Úriember)
[ 39/217] Letöltés (ID 6722 | Portfolio   ): https://www.portfolio.hu/gazdasag/20260913/folytatja-a-targyalaso...
      [✓] Mentve: 3x MD + Meta/NLP JSON (Cím: Folytatja a tárgyalásokat Izrael és Libanon)
[ 40/217] Letöltés (ID 6688 | Blikk       ): https://www.egeszsegkalauz.hu/betegsegek/hirtelen-szivmegallas-uj...
      [✓] Mentve: 3x MD + Meta/NLP JSON (Cím: Hirtelen szívmegállás esetén a legrosszabb dö)
[ 41/217] Letöltés (ID 6660 | Blikk       ): https://www.blikk.hu/sztarvilag/hazai-sztarok/erkel-szinhaz-recor...
      [✓] Mentve: 3x MD + Meta/NLP JSON (Cím: 450 dal 25 óra alatt: újabb elképesztő rekord)
[ 42/217] Letöltés (ID 6606 | Nepszava    ): https://nepszava.hu/3332777_velencei-nemzetkozi-filmfesztival-dij...
      [✓] Mentve: 3x MD + Meta/NLP JSON (Cím: Az igazság verziói – Kiosztották a Velencei F)
[ 43/217] Letöltés (ID 6651 | 24.hu       ): https://24.hu/belfold/2026/09/13/magyar-peter-hetfo-reggel-a-koss...
      [✓] Mentve: 3x MD + Meta/NLP JSON (Cím: Magyar Péter hétfő reggel a Kossuth-rádióban )
[ 44/217] Letöltés (ID 6568 | Origo       ): https://www.origo.hu/teve/2026/09/hazassag-elso-latasra-maya-laci...
      [✓] Mentve: 3x MD + Meta/NLP JSON (Cím: Házasság első látásra: Piszok nagy balhé lesz)
[ 45/217] Letöltés (ID 6741 | Portfolio   ): https://www.portfolio.hu/global/20260913/ujravalasztottak-a-koszo...
      [✓] Mentve: 3x MD + Meta/NLP JSON (Cím: Újraválasztották a koszovói miniszterelnököt)
[ 46/217] Letöltés (ID 6659 | Blikk       ): https://www.blikk.hu/aktualis/krimi/gyilkossag-szlovak-no-rendors...
      [✓] Mentve: 3x MD + Meta/NLP JSON (Cím: Magyar gyilkos végezhetett a tizennégy éve el)
[ 47/217] Letöltés (ID 6550 | Origo       ): https://www.origo.hu/nagyvilag/2026/09/oszama-bin-laden-szeptembe...
      [✓] Mentve: 3x MD + Meta/NLP JSON (Cím: Britanniát is megtámadta volna)
[ 48/217] Letöltés (ID 6607 | Nepszava    ): https://nepszava.hu/3332774_horvatorszag-tuz-brac-kulugyminiszter...
      [✓] Mentve: 3x MD + Meta/NLP JSON (Cím: Negyven magyart evakuáltak a horvátországi Br)
[ 49/217] Letöltés (ID 6620 | 24.hu       ): https://24.hu/fn/gazdasag/2026/09/13/zsiday-viktor-dizel-tamogata...
      [✓] Mentve: 3x MD + Meta/NLP JSON (Cím: Zsiday az 5000 forintos dízeltámogatásról: Se)
[ 50/217] Letöltés (ID 6732 | Portfolio   ): https://www.penzcentrum.hu/gazdasag/20260913/zsiday-viktor-a-dize...
      [✓] Mentve: 3x MD + Meta/NLP JSON (Cím: Zsiday Viktor: a dízeltámogatás a gyalogosok,)
[ 51/217] Letöltés (ID 6743 | 24.hu       ): https://www.vadhajtasok.hu/2026/09/13/harman-verekedtek-ossze-a-b...
      [✓] Mentve: 3x MD + Meta/NLP JSON (Cím: Hárman verekedtek össze a budai Várban, a Sán)
[ 52/217] Letöltés (ID 6549 | Origo       ): https://www.origo.hu/teve/2026/09/tancdalfesztival-ritkan-latott-...
      [✓] Mentve: 3x MD + Meta/NLP JSON (Cím: Táncdalfesztivál: legendás magyar énekesek és)
[ 53/217] Letöltés (ID 6705 | Portfolio   ): https://www.portfolio.hu/deviza/20260913/osszefogtak-a-tech-orias...
      [✓] Mentve: 3x MD + Meta/NLP JSON (Cím: Összefogtak a tech-óriások: tényleg fékezheti)
[ 54/217] Letöltés (ID 6663 | Blikk       ): https://www.blikk.hu/aktualis/belfold/kobanyai-szent-laszlo-gimna...
      [✓] Mentve: 3x MD + Meta/NLP JSON (Cím: Kőbányai gimnázium homlokzatáról lehulló beto)
[ 55/217] Letöltés (ID 6611 | Nepszava    ): https://nepszava.hu/3332682_lelekrombolas-legkondicionalt-irodakb...
      [✓] Mentve: 3x MD + Meta/NLP JSON (Cím: Lélekrombolás légkondicionált irodákban, avag)
[ 56/217] Letöltés (ID 6669 | Blikk       ): https://www.blikk.hu/sztarvilag/hazai-sztarok/balint-antonia-mega...
      [✓] Mentve: 3x MD + Meta/NLP JSON (Cím: Bálint Antónia visszaszólt a Megasztár zsűrij)
[ 57/217] Letöltés (ID 6626 | 24.hu       ): https://24.hu/belfold/2026/09/13/baleset-vonat-szemelyauto-hegyes...
      [✓] Mentve: 3x MD + Meta/NLP JSON (Cím: Tehervonat sodort el egy autót egy vasúti átj)
[ 58/217] Letöltés (ID 6573 | Origo       ): https://www.origo.hu/eletmod/2026/09/koran-keles-szakerto-tanacso...
      [✓] Mentve: 3x MD + Meta/NLP JSON (Cím: 5 praktika, amivel könnyebbé válhat a korán k)
[ 59/217] Letöltés (ID 6718 | Portfolio   ): https://www.portfolio.hu/gazdasag/20260913/meglepi-az-apple-telje...
      [✓] Mentve: 3x MD + Meta/NLP JSON (Cím: Meglépi az Apple: teljesen átalakulnak az üzl)
[ 60/217] Letöltés (ID 6602 | Nepszava    ): https://nepszava.hu/3332692_tikkad-a-videk-a-szarazsagban-szereny...
      [✓] Mentve: 3x MD + Meta/NLP JSON (Cím: Tikkad a vidék a szárazságban, szerényebben m)
[ 61/217] Letöltés (ID 6645 | 24.hu       ): https://www.vezess.hu/forma-1/2026/09/13/ot-kanyarig-mukodott-jol...
      [✓] Mentve: 3x MD + Meta/NLP JSON (Cím: Öt kanyarig működött jól Hamilton Ferrarija)
[ 62/217] Letöltés (ID 6544 | Origo       ): https://www.origo.hu/itthon/2026/09/katonai-behivok-magyar-minisz...
      [✓] Mentve: 3x MD + Meta/NLP JSON (Cím: Katonai behívók érkeztek több magyar címre)
[ 63/217] Letöltés (ID 6692 | Blikk       ): https://www.glamour.hu/glamour-horoszkop/tarot-kartya-elorejelzes...
      [✓] Mentve: 3x MD + Meta/NLP JSON (Cím: Villámcsapásként érkezik a változás a követke)
[ 64/217] Letöltés (ID 6614 | Nepszava    ): https://nepszava.hu/3332768_rakay-philip-lakitelek-digitalis-polg...
      [✓] Mentve: 3x MD + Meta/NLP JSON (Cím: Kétnapos DPK-tábort szerveznek Rákay Philipék)
[ 65/217] Letöltés (ID 6703 | Portfolio   ): https://www.portfolio.hu/befektetes/20260913/sorsdonto-esemeny-ko...
      [✓] Mentve: 3x MD + Meta/NLP JSON (Cím: Sorsdöntő esemény közeleg Amerikában – Nagy m)
[ 66/217] Letöltés (ID 6650 | 24.hu       ): https://24.hu/belfold/2026/09/13/a-nap-legfontosabb-hirei-2026-09...
      [✓] Mentve: 3x MD + Meta/NLP JSON (Cím: A nap legfontosabb hírei – 2026. 09. 13.)
[ 67/217] Letöltés (ID 6721 | Portfolio   ): https://www.portfolio.hu/uzlet/20260913/korlatozhatja-az-uzemanya...
      [✓] Mentve: 3x MD + Meta/NLP JSON (Cím: Korlátozhatja az üzemanyagárakat Csehország, )
[ 68/217] Letöltés (ID 6668 | Blikk       ): https://www.blikk.hu/sztarvilag/hazai-sztarok/dobo-agi-harvard-eg...
      [✓] Mentve: 3x MD + Meta/NLP JSON (Cím: A Harvard Orvosi Egyetemen szerzett képesítés)
[ 69/217] Letöltés (ID 6554 | Origo       ): https://www.origo.hu/sport/sport-futball/2026/09/haaland-manchest...
      [✓] Mentve: 3x MD + Meta/NLP JSON (Cím: Haaland gólja döntötte el a manchester derbit)
[ 70/217] Letöltés (ID 6616 | Nepszava    ): https://nepszava.hu/3332593_izraeli-tudos-a-telepesek-buntetteiro...
      [✓] Mentve: 3x MD + Meta/NLP JSON (Cím: David Shulman: Kuszra ostroma)
[ 71/217] Letöltés (ID 6610 | Nepszava    ): https://nepszava.hu/3332775_szijjarto-peter-byd-kina-nagykovet...
      [✓] Mentve: 3x MD + Meta/NLP JSON (Cím: Szijjártó Péter személyes karrierdöntése, hog)
[ 72/217] Letöltés (ID 6704 | Portfolio   ): https://www.portfolio.hu/unios-forrasok/20260913/szep-csendben-ug...
      [✓] Mentve: 3x MD + Meta/NLP JSON (Cím: Szép csendben úgy bővül az EU, hogy régi tago)
[ 73/217] Letöltés (ID 6571 | Origo       ): https://www.origo.hu/filmklub/2026/09/budapesti-klasszikus-film-m...
      [✓] Mentve: 3x MD + Meta/NLP JSON (Cím: A Budapesti Klasszikus Film Maratonon Andrzej)
[ 74/217] Letöltés (ID 6647 | 24.hu       ): https://marieclaire.hu/divat/2026/09/13/blake-lively-oszi-stilus-...
      [✓] Mentve: 3x MD + Meta/NLP JSON (Cím: Őszi divattippek Blake Lively)
[ 75/217] Letöltés (ID 6684 | Blikk       ): https://www.kiskegyed.hu/most-tortenik/kontaktlencse-viz-fertozes...
      [✓] Mentve: 3x MD + Meta/NLP JSON (Cím: Csak arcot akart mosni, végül elvesztette a l)
[ 76/217] Letöltés (ID 6558 | Origo       ): https://www.origo.hu/eletmod/2026/09/utazasi-kviz-igazi-vilagutaz...
      [✓] Mentve: 3x MD + Meta/NLP JSON (Cím: Igazi világutazó vagy? Ez az utazási kvíz azo)
[ 77/217] Letöltés (ID 6746 | 24.hu       ): https://www.vadhajtasok.hu/2026/09/13/a-cseh-kormany-korlatozza-a...
      [✓] Mentve: 3x MD + Meta/NLP JSON (Cím: A cseh kormány korlátozza az energia- és üzem)
[ 78/217] Letöltés (ID 6615 | Nepszava    ): https://nepszava.hu/3332695_matthew-walker-shaun-a-barany-cinefes...
      [✓] Mentve: 3x MD + Meta/NLP JSON (Cím: „Szeretjük látni a gyurmán az ujjlenyomatokat)
[ 79/217] Letöltés (ID 6735 | Portfolio   ): https://www.penzcentrum.hu/sport/20260913/madridban-sem-hibazott-...
      [✓] Mentve: 3x MD + Meta/NLP JSON (Cím: Madridban sem hibázott Kimi Antonelli: senki )
[ 80/217] Letöltés (ID 6696 | Blikk       ): https://www.blikk.hu/politika/magyar-politika/magyar-peter-szerel...
      [✓] Mentve: 3x MD + Meta/NLP JSON (Cím: Magyar Péter megszólalt a szerelemről)
[ 81/217] Letöltés (ID 6729 | Portfolio   ): https://www.portfolio.hu/uzlet/20260913/megorulnek-a-magyarok-az-...
      [✓] Mentve: 3x MD + Meta/NLP JSON (Cím: Megőrülnek a magyarok az OnlyFansért, előkelő)
[ 82/217] Letöltés (ID 6622 | 24.hu       ): https://24.hu/kulfold/2026/09/13/tilman-fertitta-usa-olaszorszag-...
      [✓] Mentve: 3x MD + Meta/NLP JSON (Cím: Megfogta az Isten lábát az USA legtrumposabb )
[ 83/217] Letöltés (ID 6601 | Nepszava    ): https://nepszava.hu/3332781_hatos-lotto-szerencsejatek...
      [✓] Mentve: 3x MD + Meta/NLP JSON (Cím: Senki sem vitte el a hatos lottó főnyereményé)
[ 84/217] Letöltés (ID 6543 | Origo       ): https://www.origo.hu/teve/2026/09/oszter-alexandra-edesanyja-teme...
      [✓] Mentve: 3x MD + Meta/NLP JSON (Cím: Oszter Alexandra megosztotta édesanyja temeté)
[ 85/217] Letöltés (ID 6682 | Blikk       ): https://www.kiskegyed.hu/kepernyo/hazassag-elso-latasra-tucsi-lac...
      [✓] Mentve: 3x MD + Meta/NLP JSON (Cím: Házasság első látásra, Tücsi kemény kritikát )
[ 86/217] Letöltés (ID 6697 | Blikk       ): https://www.blikk.hu/aktualis/belfold/vonat-baleset-gyor-oreg-szo...
      [✓] Mentve: 3x MD + Meta/NLP JSON (Cím: Autó hajtott vonat elé Győrnél, akadozik a fo)
[ 87/217] Letöltés (ID 6716 | Portfolio   ): https://www.portfolio.hu/gazdasag/20260913/te-is-ai-val-tervezed-...
      [✓] Mentve: 3x MD + Meta/NLP JSON (Cím: Te is AI-val tervezed a nyaralást? Megjelent )
[ 88/217] Letöltés (ID 6572 | Origo       ): https://www.origo.hu/kek-hirek/2026/09/vonat-gazolas-ujfeherto-at...
      [✓] Mentve: 3x MD + Meta/NLP JSON (Cím: Halálra gázolt egy embert a vonat Újfehértó k)
[ 89/217] Letöltés (ID 6636 | 24.hu       ): https://24.hu/sport/foci/2026/09/13/spanyol-foci-la-liga-barcelon...
      [✓] Mentve: 3x MD + Meta/NLP JSON (Cím: Megijesztették a Barcát a hajrában, de jött A)
[ 90/217] Letöltés (ID 6715 | Portfolio   ): https://www.portfolio.hu/gazdasag/20260913/trump-bejelentette-hog...
      [✓] Mentve: 3x MD + Meta/NLP JSON (Cím: Trump bejelentette, hogy eltörli az egyik vám)
[ 91/217] Letöltés (ID 6556 | Origo       ): https://www.origo.hu/kek-hirek/2026/09/mento-auto-feltores-lopas...
      [✓] Mentve: 3x MD + Meta/NLP JSON (Cím: Vérlázító: betegellátás közben törtek fel egy)
[ 92/217] Letöltés (ID 6619 | 24.hu       ): https://24.hu/kultura/2026/09/13/2pac-halala-evfordulo-tupac-shak...
      [✓] Mentve: 3x MD + Meta/NLP JSON (Cím: „A gettóból el lehet költözni, de a szívedből)
[ 93/217] Letöltés (ID 6700 | Blikk       ): https://www.blikk.hu/sztarvilag/hazai-sztarok/szalai-vivien-gyerm...
      [✓] Mentve: 3x MD + Meta/NLP JSON (Cím: Így lett Szalai Vivienből sikeres transznemű )
[ 94/217] Letöltés (ID 6679 | Blikk       ): https://www.blikk.hu/sport/szabo-franciska-orrtores/7bkd50p...
      [✓] Mentve: 3x MD + Meta/NLP JSON (Cím: Szabó Franciska brutális pofonokat szedett be)
[ 95/217] Letöltés (ID 6624 | 24.hu       ): https://24.hu/kultura/2026/09/13/presser-gabor-magyar-dal-napja-t...
      [✓] Mentve: 3x MD + Meta/NLP JSON (Cím: Presser Gábor: Kicsit olyan ez, mintha Bartók)
[ 96/217] Letöltés (ID 6545 | Origo       ): https://www.origo.hu/teve/2026/09/megasztar-versenyzok-dallos-bog...
      [✓] Mentve: 3x MD + Meta/NLP JSON (Cím: Dallos Bogit nem ismerik fel a Megasztár vers)
[ 97/217] Letöltés (ID 6714 | Portfolio   ): https://www.portfolio.hu/gazdasag/20260913/trump-megerositette-az...
      [✓] Mentve: 3x MD + Meta/NLP JSON (Cím: Trump megerősítette az 5 ezer dolláros ajándé)
[ 98/217] Letöltés (ID 6658 | Blikk       ): https://www.blikk.hu/sztarvilag/hazai-sztarok/farkas-bertalan-szu...
      [✓] Mentve: 3x MD + Meta/NLP JSON (Cím: Így köszöntötték a gyászoló Farkas Bertalant )
[ 99/217] Letöltés (ID 6711 | Portfolio   ): https://www.portfolio.hu/gazdasag/20260913/zsiday-viktor-a-korman...
      [✓] Mentve: 3x MD + Meta/NLP JSON (Cím: Zsiday Viktor a kormány intézkedéséről: "egyé)
[100/217] Letöltés (ID 6582 | Origo       ): https://www.origo.hu/nagyvilag/2026/09/putyin-orosz-fejedelem-mar...
      [✓] Mentve: 3x MD + Meta/NLP JSON (Cím: Putyin is megtekintette a fejedelmet, most a )
[101/217] Letöltés (ID 6637 | 24.hu       ): https://24.hu/sport/forma-1/2026/09/13/forma-1-f1-spanyol-nagydij...
      [✓] Mentve: 3x MD + Meta/NLP JSON (Cím: Antonelli tarthatatlan, továbbra is félelmete)
[102/217] Letöltés (ID 6644 | 24.hu       ): https://www.vezess.hu/forma-1/2026/09/13/kiakadt-norris-az-elbuko...
      [✓] Mentve: 3x MD + Meta/NLP JSON (Cím: Kiakadt Norris az elbukott F1-győzelem után)
[103/217] Letöltés (ID 6736 | Portfolio   ): https://www.agrarszektor.hu/gepek/20260913/az-indiaiak-nem-viccel...
      [✓] Mentve: 3x MD + Meta/NLP JSON (Cím: Az indiaiak nem viccelnek: nem is hinnéd, mil)
[104/217] Letöltés (ID 6585 | Origo       ): https://www.origo.hu/kulpol/2026/09/eszak-korea-raketa-feszultseg...
      [✓] Mentve: 3x MD + Meta/NLP JSON (Cím: Ballisztikus rakétákat indított Észak)
[105/217] Letöltés (ID 6701 | Blikk       ): https://www.blikk.hu/politika/magyar-politika/balla-peter-nyomoza...
      [✓] Mentve: 3x MD + Meta/NLP JSON (Cím: Százezrekkel húzhatott le aktivistákat a volt)
[106/217] Letöltés (ID 6676 | Blikk       ): https://www.blikk.hu/sport/magyar-sport-bajnokai-valtofutas-atlet...
      [✓] Mentve: 3x MD + Meta/NLP JSON (Cím: A futópályán mérték össze tudásukat a magyar )
[107/217] Letöltés (ID 6655 | 24.hu       ): https://adcmhu.hit.gemius.pl/hitredir/id=0rtKT2e4B1Lnto4Jxw7RsWZW...
      [✓] Mentve: 3x MD + Meta/NLP JSON (Cím: Itt az új OkAuchan, igazi 2 in 1)
[108/217] Letöltés (ID 6730 | Portfolio   ): https://www.penzcentrum.hu/gazdasag/20260913/megallithatatlan-a-m...
      [✓] Mentve: 3x MD + Meta/NLP JSON (Cím: Megállíthatatlan a magyar tőzsde: történelmi )
[109/217] Letöltés (ID 6579 | Origo       ): https://www.origo.hu/nagyvilag/2026/09/benzinkut-felgyujtott-egy-...
      [✓] Mentve: 3x MD + Meta/NLP JSON (Cím: Felgyújtott egy idegen nőt egy floridai benzi)
[110/217] Letöltés (ID 6693 | Blikk       ): https://www.glamour.hu/eletmod/glamour-bookclub/v5rfh0t...
      [✓] Mentve: 3x MD + Meta/NLP JSON (Cím: GLAMOUR BookClub)
[111/217] Letöltés (ID 6748 | 24.hu       ): https://www.vadhajtasok.hu/2026/09/13/orban-viktor-az-onkennyel-s...
      [✓] Mentve: 3x MD + Meta/NLP JSON (Cím: Orbán Viktor: Az önkénnyel szemben harcolni k)
[112/217] Letöltés (ID 6737 | Portfolio   ): https://www.agrarszektor.hu/noveny/20260913/reg-nem-latott-ido-jo...
      [✓] Mentve: 3x MD + Meta/NLP JSON (Cím: Rég nem látott idő jön Magyarországon: mutatj)
[113/217] Letöltés (ID 6593 | Origo       ): https://www.origo.hu/nagyvilag/2026/09/kutya-adhd-felismeres...
      [✓] Mentve: 3x MD + Meta/NLP JSON (Cím: A kutya és az ADHD: ez a 12 jel utalhat rá)
[114/217] Letöltés (ID 6576 | Origo       ): https://www.origo.hu/nagyvilag/2026/09/komp-felborult-indonezia...
      [✓] Mentve: 3x MD + Meta/NLP JSON (Cím: Felborult egy komp Indonéziában, 130 embert k)
[115/217] Letöltés (ID 6733 | Portfolio   ): https://www.penzcentrum.hu/kviz/20260913/kviz-tudod-mi-kerul-ossz...
      [✓] Mentve: 3x MD + Meta/NLP JSON (Cím: Kvíz: Tudod, mi kerül ősszel a tányérokra? Lá)
[116/217] Letöltés (ID 6687 | Blikk       ): https://www.egeszsegkalauz.hu/hirek/orvosmeteorologia-front-ma-id...
      [✓] Mentve: 3x MD + Meta/NLP JSON (Cím: Orvosmeteorológia: egymást érik a különböző f)
[117/217] Letöltés (ID 6747 | 24.hu       ): https://www.vadhajtasok.hu/2026/09/13/a-tisza-alkotmanybiro-jelol...
      [✓] Mentve: 3x MD + Meta/NLP JSON (Cím: A Tisza alkotmánybíró-jelöltje eltörölné a vé)
[118/217] Letöltés (ID 6648 | 24.hu       ): https://marieclaire.hu/kultura/2026/09/13/jelen-adam-kiallitasa-s...
      [✓] Mentve: 3x MD + Meta/NLP JSON (Cím: Jelen Ádám első egyéni kiállítása a TOBE Gall)
[119/217] Letöltés (ID 6691 | Blikk       ): https://www.glamour.hu/eletmod/szobanovenyek-gondozas-hiba-osz/lg...
      [✓] Mentve: 3x MD + Meta/NLP JSON (Cím: A legnagyobb hiba, amit ősszel elkövethetsz a)
[120/217] Letöltés (ID 6725 | Portfolio   ): https://www.portfolio.hu/bank/20260913/elismerte-a-revolut-ugyfel...
      [✓] Mentve: 3x MD + Meta/NLP JSON (Cím: Elismerte a Revolut: ügyféladatokat adott ki )
[121/217] Letöltés (ID 6552 | Origo       ): https://www.origo.hu/teve/2026/09/megasztar-herceg-erika-tdanny-b...
      [✓] Mentve: 3x MD + Meta/NLP JSON (Cím: Herceg Erika kifakadt a Megasztár adásában: „)
[122/217] Letöltés (ID 6723 | Portfolio   ): https://www.portfolio.hu/gazdasag/20260913/tuzvesz-brac-szigeten-...
      [✓] Mentve: 3x MD + Meta/NLP JSON (Cím: Tűzvész Brac szigetén: megszólalt a minisztér)
[123/217] Letöltés (ID 6581 | Origo       ): https://www.origo.hu/tudomany/2026/09/vece-bakterium-kutatas...
      [✓] Mentve: 3x MD + Meta/NLP JSON (Cím: A vécé lehúzásakor veszélyes részecskék kerül)
[124/217] Letöltés (ID 6617 | 24.hu       ): https://24.hu/belfold/2026/09/13/375-millio-kozpenz-horizont-yout...
      [✓] Mentve: 3x MD + Meta/NLP JSON (Cím: 375 millió közpénzt kapott a választás előtt )
[125/217] Letöltés (ID 6675 | Blikk       ): https://www.blikk.hu/sport/vasas-ferencvaros-vizilabda-magyar-kup...
      [✓] Mentve: 3x MD + Meta/NLP JSON (Cím: Megcibálta az oroszlán bajszát a Vasas, de a )
[126/217] Letöltés (ID 6559 | Origo       ): https://www.origo.hu/kulpol/2026/09/izrael-brit-szankciok-amerika...
      [✓] Mentve: 3x MD + Meta/NLP JSON (Cím: Izrael hiába várt Washington válaszára)
[127/217] Letöltés (ID 6731 | Portfolio   ): https://www.penzcentrum.hu/gazdasag/20260913/ismet-a-balekok-kozo...
      [✓] Mentve: 3x MD + Meta/NLP JSON (Cím: Ismét a balekok között köthet ki Magyarország)
[128/217] Letöltés (ID 6681 | Blikk       ): https://www.blikk.hu/galeria/erkel-szinhaz-record-musical-enekles...
      [✓] Mentve: 3x MD + Meta/NLP JSON (Cím: 450 dal 25 óra alatt: újabb elképesztő rekord)
[129/217] Letöltés (ID 6745 | 24.hu       ): https://www.vadhajtasok.hu/2026/09/13/kiadtak-a-brics-orszagok-ko...
      [✓] Mentve: 3x MD + Meta/NLP JSON (Cím: Kiadták a BRICS-országok közös nyilatkozatát)
[130/217] Letöltés (ID 6638 | 24.hu       ): https://24.hu/sport/foci/2026/09/13/magyar-kupa-dorogi-banyasz-uj...
      [✓] Mentve: 3x MD + Meta/NLP JSON (Cím: Magyar Kupa: közel állt az Újpest elleni nagy)
[131/217] Letöltés (ID 6555 | Origo       ): https://www.origo.hu/teve/2026/09/gaspar-laci-x-faktor-rtl-bohoco...
      [✓] Mentve: 3x MD + Meta/NLP JSON (Cím: Gáspár Laci díjat alapított az X)
[132/217] Letöltés (ID 6720 | Portfolio   ): https://www.portfolio.hu/gazdasag/20260913/trump-megint-uzent-a-f...
      [✓] Mentve: 3x MD + Meta/NLP JSON (Cím: Trump megint üzent a Fednek: Amerikának kelle)
[133/217] Letöltés (ID 6674 | Blikk       ): https://www.blikk.hu/sport/kulfoldi-foci/manchester-premier-leagu...
      [✓] Mentve: 3x MD + Meta/NLP JSON (Cím: Manchesterben a City az úr és Haaland a királ)
[134/217] Letöltés (ID 6577 | Origo       ): https://www.origo.hu/teve/2026/09/megasztar-legbizarrabb-produkci...
      [✓] Mentve: 3x MD + Meta/NLP JSON (Cím: A Megasztár eddigi legbizarrabb produkciói: f)
[135/217] Letöltés (ID 6744 | 24.hu       ): https://www.vadhajtasok.hu/2026/09/13/retvari-bence-a-kdnp-nem-ta...
      [✓] Mentve: 3x MD + Meta/NLP JSON (Cím: Rétvári Bence: A KDNP nem támogatja, hogy azo)
[136/217] Letöltés (ID 6666 | Blikk       ): https://www.blikk.hu/sztarvilag/hazai-sztarok/celeb-vagyok-ments-...
      [✓] Mentve: 3x MD + Meta/NLP JSON (Cím: Így indult a Celeb vagyok, ments ki innen! új)
[137/217] Letöltés (ID 6710 | Portfolio   ): https://www.portfolio.hu/gazdasag/20260913/szeptember-11-trump-ol...
      [✓] Mentve: 3x MD + Meta/NLP JSON (Cím: Szeptember 11: Trump olyan bejelentést tett, )
[138/217] Letöltés (ID 6596 | Origo       ): https://www.origo.hu/belpol/2026/09/orban-viktor-kotcse-piknik-be...
      [✓] Mentve: 3x MD + Meta/NLP JSON (Cím: Orbán Viktor videón mutatta meg a kötcsei pik)
[139/217] Letöltés (ID 6625 | 24.hu       ): https://24.hu/elet-stilus/2026/09/13/nazareth-idosotthon-apolo-or...
      [✓] Mentve: 3x MD + Meta/NLP JSON (Cím: Ördögűzést hajtott végre az idősotthon lakójá)
[140/217] Letöltés (ID 6661 | Blikk       ): https://www.blikk.hu/aktualis/belfold/harmashatar-hegy-sikloernyo...
      [✓] Mentve: 3x MD + Meta/NLP JSON (Cím: Lezuhant egy siklóernyős a Hármashatár-hegyné)
[141/217] Letöltés (ID 6712 | Portfolio   ): https://www.portfolio.hu/gazdasag/20260913/reg-nem-latott-vendeg-...
      [✓] Mentve: 3x MD + Meta/NLP JSON (Cím: Rég nem látott vendég érkezik Budapestre)
[142/217] Letöltés (ID 6708 | Portfolio   ): https://www.portfolio.hu/global/20260913/hajszalon-mult-a-kataszt...
      [✓] Mentve: 3x MD + Meta/NLP JSON (Cím: Hajszálon múlt a katasztrófa Ukrajnában: Bori)
[143/217] Letöltés (ID 6685 | Blikk       ): https://www.kiskegyed.hu/nepszeru/harry-meghan-visszateres-kudarc...
      [✓] Mentve: 3x MD + Meta/NLP JSON (Cím: Összeomolhat Harry és Meghan nagy terve: a gy)
[144/217] Letöltés (ID 6753 | 24.hu       ): https://www.vadhajtasok.hu/2026/09/13/vadaszgepet-riasztott-a-nat...
      [✓] Mentve: 3x MD + Meta/NLP JSON (Cím: Vadászgépet riasztott a NATO, lezárták Vilniu)
[145/217] Letöltés (ID 6588 | Origo       ): https://www.origo.hu/teve/2026/09/jakso-laszlo-vacsoracsata-mento...
      [✓] Mentve: 3x MD + Meta/NLP JSON (Cím: Mérgezés történt a népszerű műsorban, kórházb)
[146/217] Letöltés (ID 6633 | 24.hu       ): https://24.hu/belfold/2026/09/13/orban-viktor-interju-bayer-show-...
      [✓] Mentve: 3x MD + Meta/NLP JSON (Cím: Orbán Viktor: Minden kérdést, ha megdörzsölsz)
[147/217] Letöltés (ID 6664 | Blikk       ): https://www.blikk.hu/politika/magyar-politika/magyar-peter-kozmed...
      [✓] Mentve: 3x MD + Meta/NLP JSON (Cím: „Ez a nap is elérkezett” – Magyar Pétert behí)
[148/217] Letöltés (ID 6726 | Portfolio   ): https://www.portfolio.hu/uzlet/20260913/trump-szerint-alaptalanok...
      [✓] Mentve: 3x MD + Meta/NLP JSON (Cím: Trump szerint alaptalanok a mesterséges intel)
[149/217] Letöltés (ID 6562 | Origo       ): https://www.origo.hu/sport/sport-futball/2026/09/orban-rb-leipzig...
      [✓] Mentve: 3x MD + Meta/NLP JSON (Cím: Willi Orbán gyönyörű gólt lőtt a Bundesligába)
[150/217] Letöltés (ID 6670 | Blikk       ): https://www.blikk.hu/sztarvilag/hazai-sztarok/xantus-barbara/2c7l...
      [✓] Mentve: 3x MD + Meta/NLP JSON (Cím: Xantus Barbara öt év szabadúszás után ismét t)
[151/217] Letöltés (ID 6740 | Portfolio   ): https://www.portfolio.hu/gazdasag/20260913/lezuhant-egy-sikloerny...
      [✓] Mentve: 3x MD + Meta/NLP JSON (Cím: Lezuhant egy siklóernyős a Hármashatár-hegyné)
[152/217] Letöltés (ID 6621 | 24.hu       ): https://24.hu/belfold/2026/09/13/verekedes-budai-var-eloallitas-s...
      [✓] Mentve: 3x MD + Meta/NLP JSON (Cím: Hárman összeverekedtek a budai Várban, a Sánd)
[153/217] Letöltés (ID 6547 | Origo       ): https://www.origo.hu/eletmod/2026/09/cia-modszer-informacioszerze...
      [✓] Mentve: 3x MD + Meta/NLP JSON (Cím: módszerek, amikkel legálisan nyerhetsz inform)
[154/217] Letöltés (ID 6719 | Portfolio   ): https://www.portfolio.hu/global/20260913/kreml-oktoberben-ujraind...
      [✓] Mentve: 3x MD + Meta/NLP JSON (Cím: Kreml: októberben újraindulhatnak az orosz-am)
[155/217] Letöltés (ID 6630 | 24.hu       ): https://24.hu/belfold/2026/09/13/hatoslotto-nyeroszamok-nyeremeny...
      [✓] Mentve: 3x MD + Meta/NLP JSON (Cím: Hatoslottó: itt vannak a vasárnapi nyerőszámo)
[156/217] Letöltés (ID 6591 | Origo       ): https://www.origo.hu/eletmod/2026/09/legszebb-magyar-falvak-ossze...
      [✓] Mentve: 3x MD + Meta/NLP JSON (Cím: A legszebb magyar falvak ősszel: 5 meseszép ú)
[157/217] Letöltés (ID 6656 | Blikk       ): https://www.blikk.hu/sztarvilag/hazai-sztarok/istenes-bence-kolum...
      [✓] Mentve: 3x MD + Meta/NLP JSON (Cím: Vasdarab repült Istenes Bence homlokának, kór)
[158/217] Letöltés (ID 6713 | Portfolio   ): https://www.portfolio.hu/gazdasag/20260913/drasztikus-a-vizhiany-...
      [✓] Mentve: 3x MD + Meta/NLP JSON (Cím: Drasztikus a vízhiány a Tisza-tónál)
[159/217] Letöltés (ID 6678 | Blikk       ): https://www.blikk.hu/sport/forma-1/forma-1-spanyol-nagydij-madrid...
      [✓] Mentve: 3x MD + Meta/NLP JSON (Cím: Antonelli egészen őrült futamot nyert meg Mad)
[160/217] Letöltés (ID 6567 | Origo       ): https://www.origo.hu/techbazis/2026/09/elveszett-iphone-megtalala...
      [✓] Mentve: 3x MD + Meta/NLP JSON (Cím: Az elveszett iPhone megtalálása akkor sem leh)
[161/217] Letöltés (ID 6653 | 24.hu       ): https://adcmhu.hit.gemius.pl/hitredir/id=0nhA3eOiB1Iresi25EsOY7bv...
      [✓] Mentve: 3x MD + Meta/NLP JSON (Cím: Fedezd fel a kreatív oldalad az Allee inspirá)
[162/217] Letöltés (ID 6639 | 24.hu       ): https://ng.24.hu/fold/2026/09/13/sarkvideki-folyok-erozio-szabaly...
      [✓] Mentve: 3x MD + Meta/NLP JSON (Cím: Ezek a sarkvidéki folyók látszólag dacolnak a)
[163/217] Letöltés (ID 6698 | Blikk       ): https://www.blikk.hu/aktualis/belfold/idojaras-meteorologia/1g60l...
      [✓] Mentve: 3x MD + Meta/NLP JSON (Cím: Záporokkal, zivatarokkal köszönt be az ősz – )
[164/217] Letöltés (ID 6575 | Origo       ): https://www.origo.hu/nagyvilag/2026/09/karacsony-el-nino-ho...
      [✓] Mentve: 3x MD + Meta/NLP JSON (Cím: El Niño: elmaradhat a fehér karácsony)
[165/217] Letöltés (ID 6738 | Portfolio   ): https://www.agrarszektor.hu/noveny/20260913/fordulat-tortent-a-du...
      [✓] Mentve: 3x MD + Meta/NLP JSON (Cím: Fordulat történt a Dunánál: végre fellélegezh)
[166/217] Letöltés (ID 6694 | Blikk       ): https://www.glamour.hu/sztarok/vilmos-herceg-harry-hecreg-szulete...
      [✓] Mentve: 3x MD + Meta/NLP JSON (Cím: Meglepő, mit tervez Vilmos herceg Harry herce)
[167/217] Letöltés (ID 6627 | 24.hu       ): https://sokszinuvidek.24.hu/mozaik/2026/09/13/mohu-hulladekszalli...
      [✓] Mentve: 3x MD + Meta/NLP JSON (Cím: Kedvezmény járhat a hulladékszállításra, ezt )
[168/217] Letöltés (ID 6565 | Origo       ): https://www.origo.hu/belpol/2026/09/orban-viktor-exkluziv-interju...
      [✓] Mentve: 3x MD + Meta/NLP JSON (Cím: Orbán Viktor exkluzív interjúja a Bayer Showb)
[169/217] Letöltés (ID 6728 | Portfolio   ): https://www.portfolio.hu/global/20260913/fuggetlensegi-nepszavaza...
      [✓] Mentve: 3x MD + Meta/NLP JSON (Cím: Függetlenségi népszavazásra készül Skócia, És)
[170/217] Letöltés (ID 6657 | Blikk       ): https://www.blikk.hu/politika/magyar-politika/okovacs-szilveszter...
      [✓] Mentve: 3x MD + Meta/NLP JSON (Cím: Ókovács Szilveszter kiakadt a közmédiára, maj)
[171/217] Letöltés (ID 6643 | 24.hu       ): https://www.vezess.hu/haszongepjarmu/2026/09/13/kiss-norbi-karnyu...
      [✓] Mentve: 3x MD + Meta/NLP JSON (Cím: Kiss Norbi karnyújtásnyira került az Európa-b)
[172/217] Letöltés (ID 6707 | Portfolio   ): https://www.portfolio.hu/gazdasag/20260913/hiaba-minden-probalkoz...
      [✓] Mentve: 3x MD + Meta/NLP JSON (Cím: Hiába minden próbálkozás, a szezon csapdájába)
[173/217] Letöltés (ID 6553 | Origo       ): https://www.origo.hu/kek-hirek/2026/09/sikloernyos-baleset-harmas...
      [✓] Mentve: 3x MD + Meta/NLP JSON (Cím: Lezuhant egy siklóernyős a Hármashatár)
[174/217] Letöltés (ID 6683 | Blikk       ): https://www.kiskegyed.hu/most-tortenik/budai-var-verekedes/v0lnq9...
      [✓] Mentve: 3x MD + Meta/NLP JSON (Cím: Verekedés tört ki a budai Várban. Három férfi)
[175/217] Letöltés (ID 6538 | Origo       ): https://www.origo.hu/kulpol/2026/09/trump-zelenszkij-orosz-dizel-...
      [✓] Mentve: 3x MD + Meta/NLP JSON (Cím: Trump felszólította Zelenszkijt, hogy ne táma)
[176/217] Letöltés (ID 6628 | 24.hu       ): https://24.hu/kulfold/2026/09/13/donald-trump-ukrajna-dizel-uzema...
      [✓] Mentve: 3x MD + Meta/NLP JSON (Cím: Trump szerint Ukrajna miatt szálltak el az üz)
[177/217] Letöltés (ID 6699 | Blikk       ): https://www.blikk.hu/aktualis/belfold/verekedes-garazdasag-ferfi/...
      [✓] Mentve: 3x MD + Meta/NLP JSON (Cím: Összeverekedtek a budai Várban, mentők és ren)
[178/217] Letöltés (ID 6592 | Origo       ): https://www.origo.hu/auto/2026/09/volvo-ujra-frissult-a-belepo-mo...
      [✓] Mentve: 3x MD + Meta/NLP JSON (Cím: Újra frissült a Volvo belépő modellsorozata)
[179/217] Letöltés (ID 6635 | 24.hu       ): https://24.hu/sport/foci/2026/09/13/premier-league-angol-foci-man...
      [✓] Mentve: 3x MD + Meta/NLP JSON (Cím: Véleményes Haaland-góllal nyert manchesteri d)
[180/217] Letöltés (ID 6689 | Blikk       ): https://www.egeszsegkalauz.hu/betegsegek/szen-monoxid-mergezes-mu...
      [✓] Mentve: 3x MD + Meta/NLP JSON (Cím: Mustgáz: ezeket a szabályokat tartsa be, hogy)
[181/217] Letöltés (ID 6546 | Origo       ): https://www.origo.hu/teve/2026/09/hazassag-elso-latasra-jan-juci-...
      [✓] Mentve: 3x MD + Meta/NLP JSON (Cím: Az oltárnál még nemet mondott, most mégis jön)
[182/217] Letöltés (ID 6749 | 24.hu       ): https://www.vadhajtasok.hu/2026/09/13/trump-meguzente-zelenszkijn...
      [✓] Mentve: 3x MD + Meta/NLP JSON (Cím: Trump megüzente Zelenszkijnek, hogy ne támadj)
[183/217] Letöltés (ID 6652 | 24.hu       ): https://adcmhu.hit.gemius.pl/hitredir/id=B8ZLcmOMWKf5YN7k4k1pB8Q6...
      [✓] Mentve: 3x MD + Meta/NLP JSON (Cím: Fáradt nyak, sajgó derék? – 6 okos AlzaErgo m)
[184/217] Letöltés (ID 6680 | Blikk       ): https://www.blikk.hu/sztarvilag/hazai-sztarok/som-balogh-edina-cz...
      [✓] Mentve: 3x MD + Meta/NLP JSON (Cím: Edina festményei és televíziós munkái is sike)
[185/217] Letöltés (ID 6541 | Origo       ): https://www.origo.hu/belpol/2026/09/orban-viktor-hir-tv-interju-b...
      [✓] Mentve: 3x MD + Meta/NLP JSON (Cím: n: Az önkénnyel szemben harcolni kell)
[186/217] Letöltés (ID 6672 | Blikk       ): https://www.blikk.hu/eletmod/egeszseg/agymukodes-folyoiras-memori...
      [✓] Mentve: 3x MD + Meta/NLP JSON (Cím: Ez az, ami jót tesz az agynak: egy norvég tan)
[187/217] Letöltés (ID 6649 | 24.hu       ): https://www.noklapja.hu/aktualis/2026/09/13/valtozokor-veszteseg-...
      [✓] Mentve: 3x MD + Meta/NLP JSON (Cím: A változókorban nemcsak a test változik: vala)
[188/217] Letöltés (ID 6597 | Origo       ): https://www.origo.hu/belpol/2026/09/kozmedia-testules-marti-zolta...
      [✓] Mentve: 3x MD + Meta/NLP JSON (Cím: Közmédia: Martí Zoltán visszalépett a Függetl)
[189/217] Letöltés (ID 6566 | Origo       ): https://www.origo.hu/kultura/2026/09/kardos-sandor-operator-megha...
      [✓] Mentve: 3x MD + Meta/NLP JSON (Cím: Meghalt Kardos Sándor Kossuth)
[190/217] Letöltés (ID 6654 | 24.hu       ): https://adcmhu.hit.gemius.pl/hitredir/id=bPAw5ENTL69CXqANQbjE4LQX...
      [✓] Mentve: 3x MD + Meta/NLP JSON (Cím: Nem mindegy, mi marad a séta végén: ezért érd)
[191/217] Letöltés (ID 6677 | Blikk       ): https://www.blikk.hu/sport/magyar-foci/magyar-kupa-labdarugas-ujp...
      [✓] Mentve: 3x MD + Meta/NLP JSON (Cím: Dorogon hosszabbítás után vívta ki a továbbju)
[192/217] Letöltés (ID 6537 | Origo       ): https://www.origo.hu/kek-hirek/2026/09/tatai-uti-horrortelep-bont...
      [✓] Mentve: 3x MD + Meta/NLP JSON (Cím: Újból mernek ékszert hordani a környéken élők)
[193/217] Letöltés (ID 6671 | Blikk       ): https://www.blikk.hu/sztarvilag/hazai-sztarok/apostol-grammy-dyja...
      [✓] Mentve: 3x MD + Meta/NLP JSON (Cím: Ritka magyar zenei motívum jelent meg Erykah )
[194/217] Letöltés (ID 6629 | 24.hu       ): https://24.hu/tudomany/2026/09/13/autizmus-spektrumzavar-eveszava...
      [✓] Mentve: 3x MD + Meta/NLP JSON (Cím: „Majd megeszi, ha nem lesz más!” – mikor besz)
[195/217] Letöltés (ID 6695 | Blikk       ): https://www.glamour.hu/kultura/glamour-secret-calendar-glamour-bo...
      [✓] Mentve: 3x MD + Meta/NLP JSON (Cím: Ha szeretsz olvasni, ezt az élményt biztosan )
[196/217] Letöltés (ID 6751 | 24.hu       ): https://www.vadhajtasok.hu/2026/09/13/rovar-ur-vasarnapi-bejelent...
      [✓] Mentve: 3x MD + Meta/NLP JSON (Cím: Rovar úr vasárnapi bejelentése: Buziskodhat m)
[197/217] Letöltés (ID 6586 | Origo       ): https://www.origo.hu/belpol/2026/09/uzemanyagarak-magyar-peter-do...
      [✓] Mentve: 3x MD + Meta/NLP JSON (Cím: Dömötör Csaba bírálta Magyar Péter üzemanyagá)
[198/217] Letöltés (ID 6599 | Origo       ): https://www.origo.hu/nagyvilag/2026/09/erdotuz-marbella-udulohely...
      [✓] Mentve: 3x MD + Meta/NLP JSON (Cím: Hatalmas erdőtűz tombol a Costa del Solon, la)
[199/217] Letöltés (ID 6750 | 24.hu       ): https://www.vadhajtasok.hu/2026/09/13/40-fos-magyar-csoportot-kel...
      [✓] Mentve: 3x MD + Meta/NLP JSON (Cím: 40 fős magyar csoportot kellett evakuálni a H)
[200/217] Letöltés (ID 6578 | Origo       ): https://www.origo.hu/nagyvilag/2026/09/kes-luisiana-gyerek-negy-h...
      [✓] Mentve: 3x MD + Meta/NLP JSON (Cím: Késes ámokfutás történt, hajtóvadászat indult)
[201/217] Letöltés (ID 6618 | 24.hu       ): https://24.hu/belfold/2026/09/13/sikloernyos-harmashatar-hegy-lez...
      [✓] Mentve: 3x MD + Meta/NLP JSON (Cím: Lezuhant egy siklóernyős Budapesten)
[202/217] Letöltés (ID 6642 | 24.hu       ): https://www.vezess.hu/forma-1/2026/09/13/2026-forma-1-spanyol-nag...
      [✓] Mentve: 3x MD + Meta/NLP JSON (Cím: Érthetetlen hiba után Mercedes-siker az F1-be)
[203/217] Letöltés (ID 6583 | Origo       ): https://www.origo.hu/sport/sport-futball/2026/09/dorog-ujpest-mag...
      [✓] Mentve: 3x MD + Meta/NLP JSON (Cím: Dorog–Újpest: Szélesi Zoltán együttese megsze)
[204/217] Letöltés (ID 6551 | Origo       ): https://www.origo.hu/kulpol/2026/09/kina-india-kapcsolat-hatarvit...
      [✓] Mentve: 3x MD + Meta/NLP JSON (Cím: Javítaná kapcsolatát Kína és India)
[205/217] Letöltés (ID 6742 | 24.hu       ): https://www.vadhajtasok.hu/2026/09/13/orban-viktor-amiben-most-el...
      [✓] Mentve: 3x MD + Meta/NLP JSON (Cím: Orbán Viktor: Amiben most élünk, az a visszag)
[206/217] Letöltés (ID 6574 | Origo       ): https://www.origo.hu/sport/f1/2026/09/spanyol-nagydij-f1-antonell...
      [✓] Mentve: 3x MD + Meta/NLP JSON (Cím: es Spanyol Nagydíj győztese nem tud örülni a )
[207/217] Letöltés (ID 6580 | Origo       ): https://www.origo.hu/auto/2026/09/audi-hungaria-magyarorszagi-aut...
      [✓] Mentve: 3x MD + Meta/NLP JSON (Cím: Magyarországi autógyárak: Audi Hungaria, Győr)
[208/217] Letöltés (ID 6560 | Origo       ): https://www.origo.hu/sport/sport-futball/2026/09/messi-yamal-reko...
      [✓] Mentve: 3x MD + Meta/NLP JSON (Cím: Raphinha és Yamal is Messi számait idézi)
[209/217] Letöltés (ID 6564 | Origo       ): https://www.origo.hu/nagyvilag/2026/09/fogyas-egeszseg-kaloria...
      [✓] Mentve: 3x MD + Meta/NLP JSON (Cím: Döbbenetes fogyás: 54 kilót adott le 1 év ala)
[210/217] Letöltés (ID 6598 | Origo       ): https://www.origo.hu/sport/f1/2026/09/f1-spanyol-nagydij-drama...
      [✓] Mentve: 3x MD + Meta/NLP JSON (Cím: F1: Kimi Antonelli ölébe hullott a futamgyőze)
[211/217] Letöltés (ID 6561 | Origo       ): https://www.origo.hu/teve/2026/09/peller-anna-rtl-reggeli-visszat...
      [✓] Mentve: 3x MD + Meta/NLP JSON (Cím: Már készül a tévés visszatérésre Peller Anna )
[212/217] Letöltés (ID 6557 | Origo       ): https://www.origo.hu/teve/2026/09/karoly-kiraly-gyasz-volt-baratn...
      [✓] Mentve: 3x MD + Meta/NLP JSON (Cím: Elhunyt III. Károly király volt barátnője)
[213/217] Letöltés (ID 6587 | Origo       ): https://www.origo.hu/nagyvilag/2026/09/kannabisz-drogcsempesz-jap...
      [✓] Mentve: 3x MD + Meta/NLP JSON (Cím: Kannabisz lapult a bőröndökben: két amerikai )
[214/217] Letöltés (ID 6569 | Origo       ): https://www.origo.hu/nagyvilag/2026/09/zarah-keszruhagyarto-tomeg...
      [✓] Mentve: 3x MD + Meta/NLP JSON (Cím: 172 dolgozót bocsát el a kézdivásárhelyi Zara)
[215/217] Letöltés (ID 6542 | Origo       ): https://www.origo.hu/belpol/2026/09/orban-viktor-kotcse-piknik-uz...
      [✓] Mentve: 3x MD + Meta/NLP JSON (Cím: Orbán Viktor Kötcsén üzente meg: Voltunk, vag)
[216/217] Letöltés (ID 6595 | Origo       ): https://www.origo.hu/kulpol/2026/09/trump-irorszag-eszak-irorszag...
      [✓] Mentve: 3x MD + Meta/NLP JSON (Cím: Trump szerint elkerülhetetlen Írország és Ész)
[217/217] Letöltés (ID 6548 | Origo       ): https://www.origo.hu/teve/2026/09/megasztar-varga-iren-tovabbjuta...
      [✓] Mentve: 3x MD + Meta/NLP JSON (Cím: „Olyan vagy, mint egy poros Lamborghini” – Ma)

=======================================================
LETÖLTÉSI ÖSSZESÍTŐ:
  Sikeres:  217
  Sikertelen:    0
=======================================================


======================================================================
[✓] INTEGRÁLT FOLYAMAT SIKERESEN BEFEJEZŐDÖTT! Futási idő: 9.0 perc
======================================================================

=======================================================
ADATBÁZIS STATISZTIKA (articles.db)
=======================================================
  Egyedi cikkek száma:            6753
  Többször megjelent cikkek:      5043 ( 74.7% ha van adat)
  Címlapi pillanatképek száma:    59860
  Letöltött és feldolgozott:      6750 / 6753
-------------------------------------------------------
  Portálonkénti egyedi cikkek:
    - Nepszava       : 1907
    - Blikk          : 1484
    - Portfolio      : 1066
    - 24.hu          : 1062
    - Origo          :  948
    - Vadhajtasok    :  286
=======================================================

